// Jest Snapshot v1, https://goo.gl/fbAQLP

exports[`should move be valid 1`] = `
<div
  className="board"
>
  <table>
    <tbody>
      <tr>
        <th>
          <Connect(Cell)
            id="0"
          />
        </th>
        <th>
          <Connect(Cell)
            id="1"
          />
        </th>
        <th>
          <Connect(Cell)
            id="2"
          />
        </th>
      </tr>
      <tr>
        <th>
          <Connect(Cell)
            id="3"
          />
        </th>
        <th>
          <Connect(Cell)
            id="4"
          />
        </th>
        <th>
          <Connect(Cell)
            id="5"
          />
        </th>
      </tr>
      <tr>
        <th>
          <Connect(Cell)
            id="6"
          />
        </th>
        <th>
          <Connect(Cell)
            id="7"
          />
        </th>
        <th>
          <Connect(Cell)
            id="8"
          />
        </th>
      </tr>
    </tbody>
  </table>
</div>
`;
